[2026/10/5 11:07:48] === Touch Bar 微信助手启动 ===
[2026/10/5 11:07:48] macOS Version 27.0.1 (Build 26A434)
[2026/10/5 11:07:48] ✅ 私有 API 加载成功
[2026/10/5 11:07:48] 注册按钮 #0 聊天  id=com.xprears.tbwx.item0
[2026/10/5 11:07:48] 注册按钮 #1 朋友圈  id=com.xprears.tbwx.item1
[2026/10/5 11:07:48] 注册按钮 #2 小程序  id=com.xprears.tbwx.item2
[2026/10/5 11:07:48] 注册按钮 #3 视频号  id=com.xprears.tbwx.item3
[2026/10/5 11:07:48] 注册按钮 #4 搜一搜  id=com.xprears.tbwx.item4
[2026/10/5 11:07:48] 注册按钮 #5 搜索  id=com.xprears.tbwx.item5
[2026/10/5 11:07:48] ⚠️ 辅助功能未授权，发按键/点击会失效
[2026/10/5 11:10:03] ▶ 执行「搜索」
[2026/10/5 11:10:03] ✗ 没有辅助功能权限，无法发送按键
[2026/10/5 11:10:04] ▶ 执行「搜索」
[2026/10/5 11:10:04] ✗ 没有辅助功能权限，无法发送按键
[2026/10/5 11:10:04] ▶ 执行「搜索」
[2026/10/5 11:10:04] ✗ 没有辅助功能权限，无法发送按键
[2026/10/5 11:10:08] ▶ 执行「搜索」
[2026/10/5 11:10:08] ✗ 没有辅助功能权限，无法发送按键
[2026/10/5 11:10:11] 按钮可见性 → 显示（前台=com.tencent.xinWeChat）
[2026/10/5 11:10:28] 按钮可见性 → 隐藏（前台=com.tencent.workbuddy.mac）
[2026/10/5 11:11:44] 按钮可见性 → 显示（前台=com.tencent.xinWeChat）
[2026/10/5 11:11:46] ▶ 执行「搜索」
[2026/10/5 11:11:47] 忙，忽略 搜索
[2026/10/5 11:11:47]   已发送快捷键 keycode=3
[2026/10/5 11:11:47] ✔「搜索」完成，用时 798ms
[2026/10/5 11:11:47] 忙，忽略 搜索
[2026/10/5 11:11:47] ▶ 执行「搜索」
[2026/10/5 11:11:47] 忙，忽略 搜索
[2026/10/5 11:11:48] 忙，忽略 搜索
[2026/10/5 11:11:48]   已发送快捷键 keycode=3
[2026/10/5 11:11:48] ✔「搜索」完成，用时 766ms
[2026/10/5 11:11:48] 忙，忽略 搜索
[2026/10/5 11:11:49] ▶ 执行「搜索」
[2026/10/5 11:11:49] 忙，忽略 搜索
[2026/10/5 11:11:49] 忙，忽略 搜索
[2026/10/5 11:11:49] 忙，忽略 搜索
[2026/10/5 11:11:49]   已发送快捷键 keycode=3
[2026/10/5 11:11:49] ✔「搜索」完成，用时 770ms
[2026/10/5 11:11:50] ▶ 执行「搜索」
[2026/10/5 11:11:50] 忙，忽略 搜索
[2026/10/5 11:11:51]   已发送快捷键 keycode=3
[2026/10/5 11:11:51] ✔「搜索」完成，用时 767ms
[2026/10/5 11:11:56] ▶ 执行「搜索」
[2026/10/5 11:11:57]   已发送快捷键 keycode=3
[2026/10/5 11:11:57] ✔「搜索」完成，用时 773ms
[2026/10/5 11:12:00] 按钮可见性 → 隐藏（前台=com.tencent.workbuddy.mac）
[2026/10/5 11:12:14] ▶ 执行「自检」
[2026/10/5 11:12:14] 按钮可见性 → 显示（前台=com.tencent.xinWeChat）
[2026/10/5 11:12:14]   已发送快捷键 keycode=49
[2026/10/5 11:12:14] ✔「自检」完成，用时 777ms
[2026/10/5 11:12:21] ▶ 执行「自检」
[2026/10/5 11:12:21]   已发送快捷键 keycode=49
[2026/10/5 11:12:21] ✔「自检」完成，用时 765ms
[2026/10/5 11:12:26] ▶ 执行「自检」
[2026/10/5 11:12:26]   已发送快捷键 keycode=49
[2026/10/5 11:12:26] ✔「自检」完成，用时 770ms
[2026/10/5 11:12:30] 按钮可见性 → 隐藏（前台=com.tencent.workbuddy.mac）
